// Jest Snapshot v1, https://goo.gl/fbAQLP

exports[`lMap.vue renders correctly 1`] = `
<div
  class="l-map"
>
  <div
    class="l-map__view leaflet-container leaflet-grab leaflet-touch-drag"
    id="mapid"
    style="position: relative;"
    tabindex="0"
  >
    <div
      class="leaflet-pane leaflet-map-pane"
      style="left: 0px; top: 0px;"
    >
      <div
        class="leaflet-pane leaflet-tile-pane"
      >
        <div
          class="leaflet-layer "
          style="z-index: 1;"
        >
          <div
            class="leaflet-tile-container leaflet-zoom-animated"
            style="z-index: 19; left: 0px; top: 0px;"
          >
            <img
              alt=""
              class="leaflet-tile"
              role="presentation"
              src="https://cartodb-basemaps-c.global.ssl.fastly.net/light_all/2/1/1.png"
              style="width: 256px; height: 256px; left: -256px; top: -256px;"
            />
            <img
              alt=""
              class="leaflet-tile"
              role="presentation"
              src="https://cartodb-basemaps-d.global.ssl.fastly.net/light_all/2/2/1.png"
              style="width: 256px; height: 256px; left: 0px; top: -256px;"
            />
            <img
              alt=""
              class="leaflet-tile"
              role="presentation"
              src="https://cartodb-basemaps-d.global.ssl.fastly.net/light_all/2/1/2.png"
              style="width: 256px; height: 256px; left: -256px; top: 0px;"
            />
            <img
              alt=""
              class="leaflet-tile"
              role="presentation"
              src="https://cartodb-basemaps-a.global.ssl.fastly.net/light_all/2/2/2.png"
              style="width: 256px; height: 256px; left: 0px; top: 0px;"
            />
          </div>
        </div>
      </div>
      <div
        class="leaflet-pane leaflet-shadow-pane"
      />
      <div
        class="leaflet-pane leaflet-overlay-pane"
      />
      <div
        class="leaflet-pane leaflet-marker-pane"
      />
      <div
        class="leaflet-pane leaflet-tooltip-pane"
      />
      <div
        class="leaflet-pane leaflet-popup-pane"
      />
    </div>
    <div
      class="leaflet-control-container"
    >
      <div
        class="leaflet-top leaflet-left"
      >
        <div
          class="leaflet-control-zoom leaflet-bar leaflet-control"
        >
          <a
            aria-label="Zoom in"
            class="leaflet-control-zoom-in"
            href="#"
            role="button"
            title="Zoom in"
          >
            +
          </a>
          <a
            aria-label="Zoom out"
            class="leaflet-control-zoom-out leaflet-disabled"
            href="#"
            role="button"
            title="Zoom out"
          >
            −
          </a>
        </div>
        <div
          class="leaflet-bar easy-button-container leaflet-control"
        >
          <button
            class="easy-button-button leaflet-bar-part leaflet-interactive search-active"
            title="Click to search without limits by coords"
            type="button"
          >
            <span
              class="button-state state-search search-active"
            >
              <span
                class="fa fa-globe search"
              />
            </span>
          </button>
        </div>
        <div
          class="leaflet-draw leaflet-control"
        >
          <div
            class="leaflet-draw-section"
          >
            <div
              class="leaflet-draw-toolbar leaflet-bar leaflet-draw-toolbar-top"
            >
              <a
                class="leaflet-draw-draw-rectangle"
                href="#"
                title="Draw a rectangle on the map to search inside thats coords "
              >
                <span
                  class="sr-only"
                >
                  Draw a rectangle on the map to search inside thats coords 
                </span>
              </a>
              <a
                class="leaflet-draw-draw-marker"
                href="#"
                title="Set a position marker on the map to search in thats coords"
              >
                <span
                  class="sr-only"
                >
                  Set a position marker on the map to search in thats coords
                </span>
              </a>
            </div>
            <ul
              class="leaflet-draw-actions"
            />
          </div>
        </div>
      </div>
      <div
        class="leaflet-top leaflet-right"
      >
        <div
          aria-haspopup="true"
          class="leaflet-control-layers leaflet-control"
        >
          <a
            class="leaflet-control-layers-toggle"
            href="#"
            title="Layers"
          />
          <section
            class="leaflet-control-layers-list"
          >
            <div
              class="leaflet-control-layers-base"
            >
              <label>
                <div>
                  <input
                    checked="checked"
                    class="leaflet-control-layers-selector"
                    name="leaflet-base-layers_436"
                    type="radio"
                  />
                  <span>
                     carto-positron
                  </span>
                </div>
              </label>
              <label>
                <div>
                  <input
                    class="leaflet-control-layers-selector"
                    name="leaflet-base-layers_436"
                    type="radio"
                  />
                  <span>
                     carto-dark
                  </span>
                </div>
              </label>
              <label>
                <div>
                  <input
                    class="leaflet-control-layers-selector"
                    name="leaflet-base-layers_436"
                    type="radio"
                  />
                  <span>
                     carto-voyager
                  </span>
                </div>
              </label>
              <label>
                <div>
                  <input
                    class="leaflet-control-layers-selector"
                    name="leaflet-base-layers_436"
                    type="radio"
                  />
                  <span>
                     statemen-watercolor
                  </span>
                </div>
              </label>
              <label>
                <div>
                  <input
                    class="leaflet-control-layers-selector"
                    name="leaflet-base-layers_436"
                    type="radio"
                  />
                  <span>
                     osm-mapnik
                  </span>
                </div>
              </label>
              <label>
                <div>
                  <input
                    class="leaflet-control-layers-selector"
                    name="leaflet-base-layers_436"
                    type="radio"
                  />
                  <span>
                     esri-imagery
                  </span>
                </div>
              </label>
              <label>
                <div>
                  <input
                    class="leaflet-control-layers-selector"
                    name="leaflet-base-layers_436"
                    type="radio"
                  />
                  <span>
                     esri-oceans
                  </span>
                </div>
              </label>
              <label>
                <div>
                  <input
                    class="leaflet-control-layers-selector"
                    name="leaflet-base-layers_436"
                    type="radio"
                  />
                  <span>
                     esri-gray
                  </span>
                </div>
              </label>
            </div>
            <div
              class="leaflet-control-layers-separator"
              style="display: none;"
            />
            <div
              class="leaflet-control-layers-overlays"
            />
          </section>
        </div>
      </div>
      <div
        class="leaflet-bottom leaflet-left"
      />
      <div
        class="leaflet-bottom leaflet-right"
      >
        <div
          class="leaflet-control-attribution leaflet-control"
        >
          <a
            href="https://leafletjs.com"
            title="A JS library for interactive maps"
          >
            Leaflet
          </a>
           | © 
          <a
            href="https://www.openstreetmap.org/copyright"
          >
            OpenStreetMap
          </a>
           © 
          <a
            href="https://cartodb.com/attributions"
          >
            CartoDB
          </a>
        </div>
      </div>
    </div>
  </div>
</div>
`;
