// Jest Snapshot v1, https://goo.gl/fbAQLP

exports[`viewer.vue renders correctly 1`] = `
<div
  class="view-viewer grid"
>
  <app-map-viewer-stub
    class="map"
  />
   
  <app-panels-stub />
   
  <app-fetch-manager-stub />
</div>
`;
