// Jest Snapshot v1, https://goo.gl/fbAQLP

exports[`sanity test renders correctly 1`] = `<!---->`;
